<html>
<body>
<pre>
<h1>礦ision Build Log</h1>
<h2>Tool Versions:</h2>
IDE-Version: μVision V5.18.0.0
Copyright (C) 2016 ARM Ltd and ARM Germany GmbH. All rights reserved.
License Information: HJB siyecao, DS, LIC=CZLZX-H6XYL-WF4I7-EFA88-R67J5-4MQTQ
 
Tool Versions:
Toolchain:       MDK-ARM Standard  Version: 5.18
Toolchain Path:  D:\Software installation2\KEIL_ARM\ARM\ARMCC\Bin
C Compiler:      Armcc.exe V5.06 update 1 (build 61)
Assembler:       Armasm.exe V5.06 update 1 (build 61)
Linker/Locator:  ArmLink.exe V5.06 update 1 (build 61)
Library Manager: ArmAr.exe V5.06 update 1 (build 61)
Hex Converter:   FromElf.exe V5.06 update 1 (build 61)
CPU DLL:         SARMCM3.DLL V5.18
Dialog DLL:      DARMSTM.DLL V1.65.0.0
Target DLL:      STLink\ST-LINKIII-KEIL_SWO.dll V2.0.18.0
Dialog DLL:      TARMSTM.DLL   V1.64.0.0
 
<h2>Project:</h2>
D:\学习\电科学习\STM32_MINI开发板\正点原子Mini\【正点原子】MiniSTM32F103开发板\【正点原子】MiniSTM32开发板资料-A盘\4，程序源码 - 副本\野火改原子\21-USART—串口通信\模拟串口2\USER\Template.uvprojx
Project File Date:  08/08/2022

<h2>Output:</h2>
*** Using Compiler 'V5.06 update 1 (build 61)', folder: 'D:\Software installation2\KEIL_ARM\ARM\ARMCC\Bin'
Build target 'Template'
compiling main.c...
main.c(31): warning:  #177-D: variable "a" was declared but never referenced
    u8 a=3;
main.c: 1 warning, 0 errors
linking...
Program Size: Code=1128 RO-data=336 RW-data=24 ZI-data=1024  
FromELF: creating hex file...
"..\OBJ\Template.axf" - 0 Error(s), 1 Warning(s).

<h2>Collection of Component include folders:</h2>
  D:\学习\电科学习\STM32_MINI开发板\正点原子Mini\【正点原子】MiniSTM32F103开发板\【正点原子】MiniSTM32开发板资料-A盘\4，程序源码 - 副本\野火改原子\21-USART—串口通信\模拟串口2\USER\RTE
  D:\Software installation2\KEIL_ARM\ARM\PACK\Keil\STM32F1xx_DFP\2.4.0\Device\Include

<h2>Collection of Component Files used:</h2>
Build Time Elapsed:  00:00:13
</pre>
</body>
</html>
